I'm sorry, but errors were detected in your script. Please correct the
errors listed below, and try again.


File "game/tl/thai/scripts/misc/screen_translations.rpy", line 8: expected ':' not found.
    translate thai screen charamenu:
                          ^

Ren'Py Version: Ren'Py 8.5.2.26010301
Sat Sep  5 23:06:26 2026
